#-----------------------------------------------------------
# Vivado v2015.2 (64-bit)
# SW Build 1266856 on Fri Jun 26 16:35:25 MDT 2015
# IP Build 1264090 on Wed Jun 24 14:22:01 MDT 2015
# Start of session at: Mon Apr 13 14:30:44 2020
# Process ID: 8004
# Log file: E:/trashCan/Projects/Assign/project_1/vivado.log
# Journal file: E:/trashCan/Projects/Assign/project_1\vivado.jou
#-----------------------------------------------------------
start_gui
open_project E:/trashCan/Projects/Assign/project_1/project_1.xpr
remove_files {E:/trashCan/Projects/FPA/FPA.srcs/sources_1/new/fp_add.v E:/trashCan/Projects/FPA/FPA.srcs/sources_1/new/fp_add_tb.v}
add_files -norecurse {E:/trashCan/Projects/Assign/fp_add.v E:/trashCan/Projects/Assign/fp_add_tb.v}
# Disabling source management mode.  This is to allow the top design properties to be set without GUI intervention.
set_property source_mgmt_mode None [current_project]
# Re-enabling previously disabled source management mode.
set_property source_mgmt_mode DisplayOnly [current_project]
reset_run synth_1
launch_runs synth_1
wait_on_run synth_1
add_files E:/trashCan/Projects/Assign
add_files -norecurse E:/trashCan/Projects/Assign/weights_Memory.v
