#-----------------------------------------------------------
# Vivado v2015.2 (64-bit)
# SW Build 1266856 on Fri Jun 26 16:35:25 MDT 2015
# IP Build 1264090 on Wed Jun 24 14:22:01 MDT 2015
# Start of session at: Wed May 27 22:02:30 2020
# Process ID: 37192
# Log file: C:/Users/DELL/Desktop/Logic-2/Final/New folder/Verilog-CNN/project_1/vivado.log
# Journal file: C:/Users/DELL/Desktop/Logic-2/Final/New folder/Verilog-CNN/project_1\vivado.jou
#-----------------------------------------------------------
start_gui
open_project {C:/Users/DELL/Desktop/Logic-2/Final/New folder/Verilog-CNN/project_1/project_1.xpr}
reset_run synth_1
launch_runs synth_1
wait_on_run synth_1
reset_run synth_1
launch_runs synth_1
wait_on_run synth_1
reset_run synth_1
launch_runs synth_1
wait_on_run synth_1
reset_run synth_1
launch_runs synth_1
wait_on_run synth_1
reset_run synth_1
launch_runs synth_1
wait_on_run synth_1
reset_run synth_1
launch_runs synth_1
wait_on_run synth_1
reset_run synth_1
launch_runs synth_1
wait_on_run synth_1
launch_simulation
source Softmax_tb.tcl
run all
run all
run all
run all
run all
run all
run all
run all
run all
run all
run all
run all
run all
run all
run all
run all
run all
run all
run all
run all
run all
run all
run all
run all
run all
run all
run all
run all
run all
run all
run all
run all
run all
run all
run all
run all
run all
launch_simulation
source Softmax_tb.tcl
run all
run all
run all
run all
run all
run all
run all
run all
run all
run all
run all
run all
step
step
step
step
step
step
step
step
step
step
launch_simulation
source Softmax_tb.tcl
run all
run all
run all
run all
run all
run all
run all
run all
run all
run all
run all
run all
step
step
step
step
step
step
step
step
step
step
step
step
step
step
step
step
launch_simulation
source Softmax_tb.tcl
run all
run all
run all
run all
run all
run all
run all
run all
run all
run all
run all
run all
run all
run all
run all
run all
run all
run all
run all
run all
run all
run all
run all
run all
run all
run all
run all
run all
run all
run all
run all
run all
run all
run all
run all
run all
run all
run all
run all
run all
run all
run all
run all
run all
close_sim
launch_simulation
source Softmax_tb.tcl
launch_simulation
source Softmax_tb.tcl
launch_simulation
source Softmax_tb.tcl
run all
launch_simulation
source Softmax_tb.tcl
reset_run synth_1
launch_runs synth_1
wait_on_run synth_1
