#-----------------------------------------------------------
# Vivado v2015.2 (64-bit)
# SW Build 1266856 on Fri Jun 26 16:35:25 MDT 2015
# IP Build 1264090 on Wed Jun 24 14:22:01 MDT 2015
# Start of session at: Thu Jun 04 03:46:23 2020
# Process ID: 25968
# Log file: C:/Users/Mohamed Gaber/Desktop/logic/Verilog-CNN/project_1/vivado.log
# Journal file: C:/Users/Mohamed Gaber/Desktop/logic/Verilog-CNN/project_1\vivado.jou
#-----------------------------------------------------------
start_gui
open_project {C:/Users/Mohamed Gaber/Desktop/logic/Verilog-CNN/project_1/project_1.xpr}
# Disabling source management mode.  This is to allow the top design properties to be set without GUI intervention.
set_property source_mgmt_mode None [current_project]
set_property top fp_div_tb [get_filesets sim_1]
set_property top_lib xil_defaultlib [get_filesets sim_1]
# Re-enabling previously disabled source management mode.
set_property source_mgmt_mode DisplayOnly [current_project]
reset_run synth_1
launch_runs synth_1
wait_on_run synth_1
reset_run synth_1
launch_simulation
source fp_div_tb.tcl
close_sim
launch_simulation
source fp_div_tb.tcl
close_sim
launch_simulation
source fp_div_tb.tcl
close_sim
launch_simulation
source fp_div_tb.tcl
launch_runs synth_1
wait_on_run synth_1
reset_run synth_1
# Disabling source management mode.  This is to allow the top design properties to be set without GUI intervention.
set_property source_mgmt_mode None [current_project]
set_property top fp_div [current_fileset]
# Re-enabling previously disabled source management mode.
set_property source_mgmt_mode DisplayOnly [current_project]
launch_runs synth_1
wait_on_run synth_1
close_sim
launch_simulation
source fp_div_tb.tcl
close_sim
launch_simulation
launch_simulation
source fp_div_tb.tcl
close_sim
launch_simulation
source fp_div_tb.tcl
close_sim
launch_simulation
source fp_div_tb.tcl
close_sim
launch_simulation
source fp_div_tb.tcl
close_sim
launch_simulation
source fp_div_tb.tcl
reset_run synth_1
launch_runs synth_1
wait_on_run synth_1
close_sim
launch_simulation
source fp_div_tb.tcl
close_sim
launch_simulation
source fp_div_tb.tcl
close_sim
launch_simulation
source fp_div_tb.tcl
close_sim
launch_simulation
source fp_div_tb.tcl
close_sim
launch_simulation
source fp_div_tb.tcl
close_sim
launch_simulation
source fp_div_tb.tcl
# Disabling source management mode.  This is to allow the top design properties to be set without GUI intervention.
set_property source_mgmt_mode None [current_project]
set_property top fp_avg [current_fileset]
# Re-enabling previously disabled source management mode.
set_property source_mgmt_mode DisplayOnly [current_project]
reset_run synth_1
launch_runs synth_1
wait_on_run synth_1
# Disabling source management mode.  This is to allow the top design properties to be set without GUI intervention.
set_property source_mgmt_mode None [current_project]
set_property top avg_layer_tb [get_filesets sim_1]
set_property top_lib xil_defaultlib [get_filesets sim_1]
# Re-enabling previously disabled source management mode.
set_property source_mgmt_mode DisplayOnly [current_project]
# Disabling source management mode.  This is to allow the top design properties to be set without GUI intervention.
set_property source_mgmt_mode None [current_project]
set_property top fp_avg_tb [get_filesets sim_1]
set_property top_lib xil_defaultlib [get_filesets sim_1]
# Re-enabling previously disabled source management mode.
set_property source_mgmt_mode DisplayOnly [current_project]
launch_simulation
source fp_avg_tb.tcl
close_sim
launch_simulation
source fp_avg_tb.tcl
close_sim
launch_simulation
source fp_avg_tb.tcl
close_sim
launch_simulation
source fp_avg_tb.tcl
close_sim
launch_simulation
source fp_avg_tb.tcl
close_sim
launch_simulation
source fp_avg_tb.tcl
close_sim
launch_simulation
source fp_avg_tb.tcl
close_sim
launch_simulation
source fp_avg_tb.tcl
reset_run synth_1
launch_runs synth_1
wait_on_run synth_1
# Disabling source management mode.  This is to allow the top design properties to be set without GUI intervention.
set_property source_mgmt_mode None [current_project]
set_property top avg_layer [current_fileset]
# Re-enabling previously disabled source management mode.
set_property source_mgmt_mode DisplayOnly [current_project]
close_sim
close_sim
