#-----------------------------------------------------------
# Vivado v2015.2 (64-bit)
# SW Build 1266856 on Fri Jun 26 16:35:25 MDT 2015
# IP Build 1264090 on Wed Jun 24 14:22:01 MDT 2015
# Start of session at: Tue Jun 09 00:48:17 2020
# Process ID: 19904
# Log file: E:/VivadoFiles/Verilog-CNN/project_2/vivado.log
# Journal file: E:/VivadoFiles/Verilog-CNN/project_2\vivado.jou
#-----------------------------------------------------------
start_gui
open_project E:/VivadoFiles/Verilog-CNN/project_2/project_2.xpr
launch_simulation
source LeNet_tb.tcl
add_bp {E:/VivadoFiles/Verilog-CNN/project_2/project_2.srcs/sources_1/new/LeNet.v} 155
add_bp {E:/VivadoFiles/Verilog-CNN/project_2/project_2.srcs/sources_1/new/LeNet.v} 183
add_bp {E:/VivadoFiles/Verilog-CNN/project_2/project_2.srcs/sources_1/new/LeNet.v} 201
add_bp {E:/VivadoFiles/Verilog-CNN/project_2/project_2.srcs/sources_1/new/LeNet.v} 207
add_bp {E:/VivadoFiles/Verilog-CNN/project_2/project_2.srcs/sources_1/new/LeNet.v} 184
add_bp {E:/VivadoFiles/Verilog-CNN/project_2/project_2.srcs/sources_1/new/LeNet.v} 186
remove_bps -file {E:/VivadoFiles/Verilog-CNN/project_2/project_2.srcs/sources_1/new/LeNet.v} -line 186
add_bp {E:/VivadoFiles/Verilog-CNN/project_2/project_2.srcs/sources_1/new/LeNet.v} 187
add_bp {E:/VivadoFiles/Verilog-CNN/project_2/project_2.srcs/sources_1/new/LeNet.v} 218
add_bp {E:/VivadoFiles/Verilog-CNN/project_2/project_2.srcs/sources_1/new/LeNet.v} 222
add_bp {E:/VivadoFiles/Verilog-CNN/project_2/project_2.srcs/sources_1/new/LeNet.v} 234
add_bp {E:/VivadoFiles/Verilog-CNN/project_2/project_2.srcs/sources_1/new/LeNet.v} 239
run all
add_bp {E:/VivadoFiles/Verilog-CNN/project_2/project_2.srcs/sources_1/new/LeNet.v} 170
run all
add_bp {E:/VivadoFiles/Verilog-CNN/project_2/project_2.srcs/sources_1/new/LeNet.v} 166
remove_bps -file {E:/VivadoFiles/Verilog-CNN/project_2/project_2.srcs/sources_1/new/LeNet.v} -line 170
run all
add_bp {E:/VivadoFiles/Verilog-CNN/project_2/project_2.srcs/sources_1/new/LeNet.v} 189
remove_bps -file {E:/VivadoFiles/Verilog-CNN/project_2/project_2.srcs/sources_1/new/LeNet.v} -line 187
add_bp {E:/VivadoFiles/Verilog-CNN/project_2/project_2.srcs/sources_1/new/LeNet.v} 219
remove_bps -file {E:/VivadoFiles/Verilog-CNN/project_2/project_2.srcs/sources_1/new/LeNet.v} -line 218
remove_bps -file {E:/VivadoFiles/Verilog-CNN/project_2/project_2.srcs/sources_1/new/LeNet.v} -line 222
add_bp {E:/VivadoFiles/Verilog-CNN/project_2/project_2.srcs/sources_1/new/LeNet.v} 224
launch_simulation
source LeNet_tb.tcl
add_bp {E:/VivadoFiles/Verilog-CNN/project_2/project_2.srcs/sources_1/new/LeNet.v} 186
add_bp {E:/VivadoFiles/Verilog-CNN/project_2/project_2.srcs/sources_1/new/LeNet.v} 188
add_bp {E:/VivadoFiles/Verilog-CNN/project_2/project_2.srcs/sources_1/new/LeNet.v} 200
add_bp {E:/VivadoFiles/Verilog-CNN/project_2/project_2.srcs/sources_1/new/LeNet.v} 205
add_bp {E:/VivadoFiles/Verilog-CNN/project_2/project_2.srcs/sources_1/new/LeNet.v} 219
add_bp {E:/VivadoFiles/Verilog-CNN/project_2/project_2.srcs/sources_1/new/LeNet.v} 223
add_bp {E:/VivadoFiles/Verilog-CNN/project_2/project_2.srcs/sources_1/new/LeNet.v} 235
add_bp {E:/VivadoFiles/Verilog-CNN/project_2/project_2.srcs/sources_1/new/LeNet.v} 240
add_bp {E:/VivadoFiles/Verilog-CNN/project_2/project_2.srcs/sources_1/new/LeNet.v} 255
add_bp {E:/VivadoFiles/Verilog-CNN/project_2/project_2.srcs/sources_1/new/LeNet.v} 184
remove_bps -file {E:/VivadoFiles/Verilog-CNN/project_2/project_2.srcs/sources_1/new/LeNet.v} -line 186
add_bp {E:/VivadoFiles/Verilog-CNN/project_2/project_2.srcs/sources_1/new/LeNet.v} 164
add_bp {E:/VivadoFiles/Verilog-CNN/project_2/project_2.srcs/sources_1/new/LeNet.v} 168
add_bp {E:/VivadoFiles/Verilog-CNN/project_2/project_2.srcs/sources_1/new/LeNet.v} 155
run all
run all
run all
run all
run all
run all
run all
run all
run all
run all
run all
launch_simulation
source LeNet_tb.tcl
add_bp {E:/VivadoFiles/Verilog-CNN/project_2/project_2.srcs/sources_1/new/LeNet.v} 192
add_bp {E:/VivadoFiles/Verilog-CNN/project_2/project_2.srcs/sources_1/new/LeNet.v} 203
add_bp {E:/VivadoFiles/Verilog-CNN/project_2/project_2.srcs/sources_1/new/LeNet.v} 207
add_bp {E:/VivadoFiles/Verilog-CNN/project_2/project_2.srcs/sources_1/new/LeNet.v} 222
run all
run all
run all
add_bp {E:/VivadoFiles/Verilog-CNN/project_2/project_2.srcs/sources_1/new/LeNet.v} 227
add_bp {E:/VivadoFiles/Verilog-CNN/project_2/project_2.srcs/sources_1/new/LeNet.v} 238
remove_bps -file {E:/VivadoFiles/Verilog-CNN/project_2/project_2.srcs/sources_1/new/LeNet.v} -line 207
run all
run all
run all
add_bp {E:/VivadoFiles/Verilog-CNN/project_2/project_2.srcs/sources_1/new/LeNet.v} 242
add_bp {E:/VivadoFiles/Verilog-CNN/project_2/project_2.srcs/sources_1/new/LeNet.v} 257
run all
run all
run all
run all
run all
run all
run all
run all
run all
run all
close_sim
